// Jest Snapshot v1, https://goo.gl/fbAQLP

exports[`PageComponent Debe de hacer match con el snapshot 1`] = `
<div class="spinner-container">
  <div class="loading-spiner"></div>
</div>
`;

exports[`PageComponent Debe de hacer match con el spanshot cuando cargan los pokemons 1`] = `
<div class="container-app">
  <h1>Quien es este Pokemon ?</h1><!-- img -->
  <pokemon-picture-stub pokemonid="1" showpokemon="false"></pokemon-picture-stub><!-- Opciones -->
  <pokemon-options-stub pokemons="[object Object],[object Object],[object Object],[object Object]"></pokemon-options-stub>
  <!--v-if-->
</div>
`;
