// Jest Snapshot v1, https://goo.gl/fbAQLP

exports[`Pruebas en PokemonOptions.vue Debe de hacer match con el spanpshot 1`] = `
<div class="options-container">
  <ul>
    <li>bulbasaur</li>
    <li>ivysaur</li>
    <li>venusaur</li>
    <li>charmander</li>
  </ul>
</div>
<!-- <Button label="cuchi" class="dsd" severity="warning" raised icon="pi pi-plus-circle" iconPos="right" size="small" /> -->
`;
